src/pages/BarbecueManager.tsx(29,18): error TS6133: 'user' is declared but its value is never read.
src/pages/BarbecueManager.tsx(174,12): error TS2307: Cannot find module './services/sheets' or its corresponding type declarations.
src/pages/BarbecueManager.tsx(184,102): error TS7006: Parameter 'err' implicitly has an 'any' type.
src/pages/BarbecueManager.tsx(210,12): error TS2307: Cannot find module './services/sheets' or its corresponding type declarations.
src/pages/BarbecueManager.tsx(223,18): error TS7006: Parameter 'err' implicitly has an 'any' type.
src/pages/BarbecueManager.tsx(237,12): error TS2307: Cannot find module './services/sheets' or its corresponding type declarations.
src/pages/BarbecueManager.tsx(250,18): error TS7006: Parameter 'err' implicitly has an 'any' type.
src/pages/BarbecueManager.tsx(291,14): error TS2307: Cannot find module './services/sheets' or its corresponding type declarations.
src/pages/BarbecueManager.tsx(293,18): error TS7006: Parameter 'err' implicitly has an 'any' type.
src/pages/BarbecueManager.tsx(298,14): error TS2307: Cannot find module './services/sheets' or its corresponding type declarations.
src/pages/BarbecueManager.tsx(299,57): error TS7006: Parameter 'err' implicitly has an 'any' type.
src/pages/BarbecueManager.tsx(340,20): error TS2304: Cannot find name 'SERVICE_ACCOUNT_CONFIG'.
src/pages/BarbecueManager.tsx(431,18): error TS2307: Cannot find module './services/sheets' or its corresponding type declarations.
src/pages/BarbecueManager.tsx(444,24): error TS7006: Parameter 'err' implicitly has an 'any' type.
src/pages/BarbecueManager.tsx(604,26): error TS2307: Cannot find module './services/sheets' or its corresponding type declarations.
src/pages/BarbecueManager.tsx(616,32): error TS7006: Parameter 'err' implicitly has an 'any' type.
src/pages/Dashboard.tsx(6,55): error TS1484: 'DriveFile' is a type and must be imported using a type-only import when 'verbatimModuleSyntax' is enabled.
